app/(root)/organizations/deleted/page.tsx(53,15): error TS2322: Type 'BusinessProfileFull[]' is not assignable to type 'Business[]'.
  Property 'user' is missing in type 'BusinessProfileFull' but required in type 'Business'.
app/(root)/organizations/registered/page.tsx(48,15): error TS2322: Type 'BusinessProfileFull[]' is not assignable to type 'Business[]'.
  Property 'user' is missing in type 'BusinessProfileFull' but required in type 'Business'.
components/editor/TinyMceEditor.tsx(22,73): error TS2339: Property 'org' does not exist on type '{ auth: AuthState & PersistPartial; user: UserState; product: ProductState; payment: PaymentState; withdrawal: WithdrawalState; ... 9 more ...; blogPost: BlogPostState; }'.
components/resources/ResourceManager.tsx(327,17): error TS2322: Type 'number' is not assignable to type 'string'.
hooks/page/useInvite.tsx(5,35): error TS2307: Cannot find module '@/redux/slices/orgSlice' or its corresponding type declarations.
hooks/page/useInvite.tsx(14,33): error TS2339: Property 'org' does not exist on type '{ auth: AuthState & PersistPartial; user: UserState; product: ProductState; payment: PaymentState; withdrawal: WithdrawalState; ... 9 more ...; blogPost: BlogPostState; }'.
